==============================
Stalker Board - Refactoring Log
==============================

### User Requests Summary:
- **Initial Goal**: Refactor the project to use FreeRTOS, splitting the logic into a USB task and an Amiga task with a shared queue.
- **Architectural Refinement**: Correct the design to ensure LED status updates, generated by the Amiga task, are properly sent back to the USB task for handling.
- **Feature Restoration**: Restore the `amikb_notify` calls for error reporting (e.g., unsupported USB device) and ensure the correct task separation is maintained.
- **Code Quality**: Fix all compilation warnings.
- **Documentation**: Document all changes in this log file.

---

2025-09-22: Project Refactoring to FreeRTOS

    - **FEATURE**: Integrated FreeRTOS Kernel V11.1.0 into the project.
        - Cloned the kernel into `Middlewares/3rdParty/FreeRTOS-Kernel`.
        - Created and configured `FreeRTOSConfig.h` for the STM32F401 target.
        - Modified Makefiles to include FreeRTOS sources and includes.

    - **REFACTOR**: Replaced the main super-loop with a multi-task architecture.
        - Created `usb_task` to handle all USB host logic.
        - Created `amiga_task` to handle all Amiga-side communication logic.
        - Implemented a two-queue system for fully decoupled, thread-safe communication.
        - A unified message struct (`amiga_message_t`) was created to send both scancodes and notification commands from the USB task to the Amiga task.

    - **FIX**: Corrected interrupt handling for FreeRTOS compatibility.
        - Configured SysTick, PendSV, and SVC handlers to work with the RTOS and STM32 HAL.
        - Implemented `vApplicationTickHook` to maintain HAL timing.

    - **FIX**: Resolved multiple build and linking issues.
        - Corrected invalid paths in the Makefile for FreeRTOS source files.
        - Debugged and resolved subtle Makefile rule issues that prevented compilation.
        - Resolved linker errors from duplicated interrupt handler definitions.

    - **FIX**: Addressed compilation warnings and bugs.
        - Fixed a critical buffer overflow vulnerability in `amikb_notify` by using safe memory allocation and string copy functions.
        - Restored the keyboard connection status LED logic (blinking/solid).
        - Removed duplicated function definitions introduced during development.
